[20260424-095134.1472]  
[20260424-095134.1474]  /mnt/zfs/zf10/0-0/users/collierjr/data/prs/dev/github.com/jim-collier/convert-base-v1/github/convert-base-v1b
[20260424-095134.1575]  
[20260424-095134.1576]  convert-base-v1b vv1.0.0-beta2 build ,
[20260424-095134.1585]  Copyright ©  .
[20260424-095134.1589]  Licensed under the GNU General Public License v2.0 or later. Full text at:
[20260424-095134.1605]    https://spdx.org/licenses/GPL-2.0-or-later.html
[20260424-095134.1615]  There is no warranty, to the extent permitted by law.
[20260424-095134.1627]  
[20260424-095134.1627]  Converts from some bases to a wide variety of others. Strictly positional
[20260424-095134.1643]  notation conversion, not for binary-to-text encoding/decoding. (Though you
[20260424-095134.1659]  can use the same common 2^N encoding bases as positional notation.)
[20260424-095134.1673]  
[20260424-095135.1870]  ✅ Passed: Test# 1 [Test mode: '==']
[20260424-095135.1891]  Test command ...: 'convert-base-v1b'  00012345678999999999999999901234567899999999999999991234567899999999900000000000000000000000000000000000000000000000999999999999999999999999999999999999998765432100  128v1compat
[20260424-095135.1937]  Expected value .: 'ẽ🝅q¥fᚧ▵jj⍩Ξ4⍩ŷᚠMϠÿ≈⍤prẌŶãʞ1HÃ⍋ϟ‡mpcδñjĥWHᚼh▿ĉp⍢ỹʬ1QfẅF1VpλμɤЖG2ĵ5Ϡ⍋Éw≠Éẍ🝅ᛘẅμ'
[20260424-095135.1962]  Actual value ...: 'ẽ🝅q¥fᚧ▵jj⍩Ξ4⍩ŷᚠMϠÿ≈⍤prẌŶãʞ1HÃ⍋ϟ‡mpcδñjĥWHᚼh▿ĉp⍢ỹʬ1QfẅF1VpλμɤЖG2ĵ5Ϡ⍋Éw≠Éẍ🝅ᛘẅμ'
[20260424-095135.1986]  
[20260424-095135.2156]  ✅ Passed: Test# 2 [Test mode: '==']
[20260424-095135.2178]  Test command ...: 'convert-base-v1b'  00012345678999999999999999901234567899999999999999991234567899999999900000000000000000000000000000000000000000000000999999999999999999999999999999999999998765432100  128j1
[20260424-095135.2225]  Expected value .: '⍩pT🜿NjqQQ҂ᛏ4҂¥iFᛯÔʞ◂SUĈδ⍤Y1D§±ᛦvRSMᛝ⌲QѢKDlPsЋS÷⍋▿1HNÎB1JSZa▸ᚠC2ф5ᛯ±ŴWλŴĴpdÎa'
[20260424-095135.2248]  Actual value ...: '⍩pT🜿NjqQQ҂ᛏ4҂¥iFᛯÔʞ◂SUĈδ⍤Y1D§±ᛦvRSMᛝ⌲QѢKDlPsЋS÷⍋▿1HNÎB1JSZa▸ᚠC2ф5ᛯ±ŴWλŴĴpdÎa'
[20260424-095135.2273]  
[20260424-095135.2456]  ✅ Passed: Test# 3 [Test mode: '!=']
[20260424-095135.2477]  Test command ...: 'convert-base-v1b'  00012345678999999999999999901234567899999999999999991234567899999999900000000000000000000000000000000000000000000000999999999999999999999999999999999999998765432100  128j1
[20260424-095135.2525]  Expected value .: 'ẽ🝅q¥fᚧ▵jj⍩Ξ4⍩ŷᚠMϠÿ≈⍤prẌŶãʞ1HÃ⍋ϟ‡mpcδñjĥWHᚼh▿ĉp⍢ỹʬ1QfẅF1VpλμɤЖG2ĵ5Ϡ⍋Éw≠Éẍ🝅ᛘẅμ'
[20260424-095135.2550]  Actual value ...: '⍩pT🜿NjqQQ҂ᛏ4҂¥iFᛯÔʞ◂SUĈδ⍤Y1D§±ᛦvRSMᛝ⌲QѢKDlPsЋS÷⍋▿1HNÎB1JSZa▸ᚠC2ф5ᛯ±ŴWλŴĴpdÎa'
[20260424-095135.2574]  
[20260424-095135.2947]  ✅ Passed: Test# 4 [Test mode: '==']
[20260424-095135.2969]  Test command ...: 'convert-base-v1b'  --ibase 16  E0CCECE2EB5A1A3552104A9A960F89F1F53387BB61DE8808DD75A3393670B45E26B3141ABCCB6C672C72A404897F42C093388D25190301670B12B7F40FFFFB669FD24  base10
[20260424-095135.3010]  Expected value .: '12345678999999999999999901234567899999999999999991234567899999999900000000000000000000000000000000000000000000000999999999999999999999999999999999999998765432100'
[20260424-095135.3051]  Actual value ...: '12345678999999999999999901234567899999999999999991234567899999999900000000000000000000000000000000000000000000000999999999999999999999999999999999999998765432100'
[20260424-095135.3090]  
[20260424-095135.3091]  [ Test #5 Expecting error, BEGIN ... ]
[20260424-095135.3162]  convert-base-v1b.fValidate(): Sorry, --ibase of '26' is not currently supported.
[20260424-095135.3168]  [ Test #5 Expecting error, END. ]
[20260424-095135.3175]  
[20260424-095135.3176]  ✅ Passed: Test# 5 [Test mode: 'error']
[20260424-095135.3192]  Test command ...: 'convert-base-v1b'  --ibase 26  'ABCXYZ'  10
[20260424-095135.3205]  Expected value .: ''
[20260424-095135.3211]  Actual value ...: ''
[20260424-095135.3216]  
[20260424-095135.3722]  ✅ Passed: Test# 6 [Test mode: '==']
[20260424-095135.3741]  Cmd 1 ..........: 'convert-base-v1b'  --ibase 10  '4355504971926913294'  2
[20260424-095135.3758]  Test command ...: 'convert-base-v1b'  --ibase 2  11110001110001110111001011001000001101001001101100000100001110  10
[20260424-095135.3783]  Expected value .: '4355504971926913294'
[20260424-095135.3792]  Actual value ...: '4355504971926913294'
[20260424-095135.3801]  
[20260424-095135.4322]  ✅ Passed: Test# 7 [Test mode: '==']
[20260424-095135.4343]  Cmd 1 ..........: 'convert-base-v1b'  --ibase 36  '8BTWXW1P6XB7N3AN'  16
[20260424-095135.4358]  Test command ...: 'convert-base-v1b'  --ibase 16  185E612FCAC2CF9FC736F  36
[20260424-095135.4376]  Expected value .: '8BTWXW1P6XB7N3AN'
[20260424-095135.4388]  Actual value ...: '8BTWXW1P6XB7N3AN'
[20260424-095135.4399]  
[20260424-095135.4895]  ✅ Passed: Test# 8 [Test mode: '==']
[20260424-095135.4918]  Cmd 1 ..........: 'convert-base-v1b'  --ibase 8  '3563345322466511720264'  8
[20260424-095135.4936]  Test command ...: 'convert-base-v1b'  --ibase 8  3563345322466511720264  8
[20260424-095135.4951]  Expected value .: '3563345322466511720264'
[20260424-095135.4961]  Actual value ...: '3563345322466511720264'
[20260424-095135.4970]  
[20260424-095135.5515]  ✅ Passed: Test# 9 [Test mode: '==']
[20260424-095135.5539]  Cmd 1 ..........: 'convert-base-v1b'  --ibase 36  'OV40TPDP40XCBYA5ZV8660XFDGN953DROMEZTXNPR5IMC04N178N6YFTH5M7ABC'  8
[20260424-095135.5566]  Test command ...: 'convert-base-v1b'  --ibase 8  2201106400257663066677755104326453320350666427311765627712406253472526172626104772105132605071725572664504770  36
[20260424-095135.5602]  Expected value .: 'OV40TPDP40XCBYA5ZV8660XFDGN953DROMEZTXNPR5IMC04N178N6YFTH5M7ABC'
[20260424-095135.5620]  Actual value ...: 'OV40TPDP40XCBYA5ZV8660XFDGN953DROMEZTXNPR5IMC04N178N6YFTH5M7ABC'
[20260424-095135.5643]  
[20260424-095135.6097]  ✅ Passed: Test# 10 [Test mode: '==']
[20260424-095135.6121]  Cmd 1 ..........: 'convert-base-v1b'  --ibase 8  '631552134416432'  16
[20260424-095135.6136]  Test command ...: 'convert-base-v1b'  --ibase 16  199B51721D1A  8
[20260424-095135.6150]  Expected value .: '631552134416432'
[20260424-095135.6158]  Actual value ...: '631552134416432'
[20260424-095135.6166]  
[20260424-095135.6691]  ✅ Passed: Test# 11 [Test mode: '==']
[20260424-095135.6714]  Cmd 1 ..........: 'convert-base-v1b'  --ibase 8  '4600472214747557'  2
[20260424-095135.6730]  Test command ...: 'convert-base-v1b'  --ibase 2  100110000000100111010010001100111100111101101111  8
[20260424-095135.6751]  Expected value .: '4600472214747557'
[20260424-095135.6759]  Actual value ...: '4600472214747557'
[20260424-095135.6767]  
[20260424-095135.7289]  ✅ Passed: Test# 12 [Test mode: '==']
[20260424-095135.7310]  Cmd 1 ..........: 'convert-base-v1b'  --ibase 16  '8DDDEA27BF6B26491DA4EA53C27'  36
[20260424-095135.7328]  Test command ...: 'convert-base-v1b'  --ibase 36  DGBJKG8HOMLXOGDZ3MMUF  16
[20260424-095135.7345]  Expected value .: '8DDDEA27BF6B26491DA4EA53C27'
[20260424-095135.7356]  Actual value ...: '8DDDEA27BF6B26491DA4EA53C27'
[20260424-095135.7366]  
[20260424-095135.7864]  ✅ Passed: Test# 13 [Test mode: '==']
[20260424-095135.7886]  Cmd 1 ..........: 'convert-base-v1b'  --ibase 8  '13351021510042644551'  16
[20260424-095135.7902]  Test command ...: 'convert-base-v1b'  --ibase 16  2DD211A408B4969  8
[20260424-095135.7917]  Expected value .: '13351021510042644551'
[20260424-095135.7927]  Actual value ...: '13351021510042644551'
[20260424-095135.7936]  
[20260424-095135.8460]  ✅ Passed: Test# 14 [Test mode: '==']
[20260424-095135.8481]  Cmd 1 ..........: 'convert-base-v1b'  --ibase 2  '110101001111001110101001101110101101001001110001011'  36
[20260424-095135.8503]  Test command ...: 'convert-base-v1b'  --ibase 36  IFZ2FPK6MJ  2
[20260424-095135.8517]  Expected value .: '110101001111001110101001101110101101001001110001011'
[20260424-095135.8533]  Actual value ...: '110101001111001110101001101110101101001001110001011'
[20260424-095135.8548]  
[20260424-095135.9059]  ✅ Passed: Test# 15 [Test mode: '==']
[20260424-095135.9081]  Cmd 1 ..........: 'convert-base-v1b'  --ibase 2  '11001110011010100010110000110'  2
[20260424-095135.9100]  Test command ...: 'convert-base-v1b'  --ibase 2  11001110011010100010110000110  2
[20260424-095135.9118]  Expected value .: '11001110011010100010110000110'
[20260424-095135.9128]  Actual value ...: '11001110011010100010110000110'
[20260424-095135.9140]  
[20260424-095135.9617]  ✅ Passed: Test# 16 [Test mode: '==']
[20260424-095135.9636]  Cmd 1 ..........: 'convert-base-v1b'  --ibase 10  '754040268844320607333354608495200723707809360967348206'  16
[20260424-095135.9660]  Test command ...: 'convert-base-v1b'  --ibase 16  7DF5F49D8A8E87E226803B8D5A024775715D49493AFEE  10
[20260424-095135.9683]  Expected value .: '754040268844320607333354608495200723707809360967348206'
[20260424-095135.9699]  Actual value ...: '754040268844320607333354608495200723707809360967348206'
[20260424-095135.9716]  
[20260424-095136.0162]  ✅ Passed: Test# 17 [Test mode: '==']
[20260424-095136.0184]  Cmd 1 ..........: 'convert-base-v1b'  --ibase 8  '701175654524354626171045776001763752'  10
[20260424-095136.0204]  Test command ...: 'convert-base-v1b'  --ibase 10  284743338704438401375037853001706  8
[20260424-095136.0221]  Expected value .: '701175654524354626171045776001763752'
[20260424-095136.0233]  Actual value ...: '701175654524354626171045776001763752'
[20260424-095136.0246]  
[20260424-095136.0767]  ✅ Passed: Test# 18 [Test mode: '==']
[20260424-095136.0789]  Cmd 1 ..........: 'convert-base-v1b'  --ibase 36  'LBCWZMN6EJ0VZNL0Z1DRZN80TIAYWUTPMEEJSHHF5PR'  16
[20260424-095136.0813]  Test command ...: 'convert-base-v1b'  --ibase 16  2EDF7730ED22901E0C935A3FD49ECD3CB1F849C451E37500608DDFAF  36
[20260424-095136.0845]  Expected value .: 'LBCWZMN6EJ0VZNL0Z1DRZN80TIAYWUTPMEEJSHHF5PR'
[20260424-095136.0863]  Actual value ...: 'LBCWZMN6EJ0VZNL0Z1DRZN80TIAYWUTPMEEJSHHF5PR'
[20260424-095136.0877]  
[20260424-095136.1365]  ✅ Passed: Test# 19 [Test mode: '==']
[20260424-095136.1385]  Cmd 1 ..........: 'convert-base-v1b'  --ibase 36  'WII126I5F5G3BVZIS0JC9V47HA1RTPMUTOE6NG326II7NH52D0WLT9968VI'  16
[20260424-095136.1411]  Test command ...: 'convert-base-v1b'  --ibase 16  1D6B0CCD6C3DED628BD0E94FE60FEB66A5553E3D53F6DB01FCF2D1E84F072D2CAB7A5CFAAEF6E  36
[20260424-095136.1438]  Expected value .: 'WII126I5F5G3BVZIS0JC9V47HA1RTPMUTOE6NG326II7NH52D0WLT9968VI'
[20260424-095136.1456]  Actual value ...: 'WII126I5F5G3BVZIS0JC9V47HA1RTPMUTOE6NG326II7NH52D0WLT9968VI'
[20260424-095136.1473]  
[20260424-095136.1924]  ✅ Passed: Test# 20 [Test mode: '==']
[20260424-095136.1946]  Cmd 1 ..........: 'convert-base-v1b'  --ibase 10  '138812255269255699892960195973691786178'  16
[20260424-095136.1966]  Test command ...: 'convert-base-v1b'  --ibase 16  686E44958F422C63C19BC1C99CF8C3C2  10
[20260424-095136.1984]  Expected value .: '138812255269255699892960195973691786178'
[20260424-095136.1997]  Actual value ...: '138812255269255699892960195973691786178'
[20260424-095136.2010]  
[20260424-095136.2450]  ✅ Passed: Test# 21 [Test mode: '==']
[20260424-095136.2472]  Cmd 1 ..........: 'convert-base-v1b'  --ibase 10  '8284707679447767755543692011196184857605202'  10
[20260424-095136.2494]  Test command ...: 'convert-base-v1b'  --ibase 10  8284707679447767755543692011196184857605202  10
[20260424-095136.2515]  Expected value .: '8284707679447767755543692011196184857605202'
[20260424-095136.2529]  Actual value ...: '8284707679447767755543692011196184857605202'
[20260424-095136.2542]  
[20260424-095136.3057]  ✅ Passed: Test# 22 [Test mode: '==']
[20260424-095136.3079]  Cmd 1 ..........: 'convert-base-v1b'  --ibase 36  '9R7K5VJR5MR9DO1OA1R1Z5OVI38LM6V5Y3RMFLM2YYSUX9C'  8
[20260424-095136.3104]  Test command ...: 'convert-base-v1b'  --ibase 8  211350741646352755717607430312657576404613763761470352011006072516145371241003740  36
[20260424-095136.3133]  Expected value .: '9R7K5VJR5MR9DO1OA1R1Z5OVI38LM6V5Y3RMFLM2YYSUX9C'
[20260424-095136.3149]  Actual value ...: '9R7K5VJR5MR9DO1OA1R1Z5OVI38LM6V5Y3RMFLM2YYSUX9C'
[20260424-095136.3164]  
[20260424-095136.3689]  ✅ Passed: Test# 23 [Test mode: '==']
[20260424-095136.3713]  Cmd 1 ..........: 'convert-base-v1b'  --ibase 36  '4VCLLNI4OTRQDGO0VJB8A1N6'  8
[20260424-095136.3731]  Test command ...: 'convert-base-v1b'  --ibase 8  22220765066635561002320503502767214225322  36
[20260424-095136.3751]  Expected value .: '4VCLLNI4OTRQDGO0VJB8A1N6'
[20260424-095136.3761]  Actual value ...: '4VCLLNI4OTRQDGO0VJB8A1N6'
[20260424-095136.3771]  
[20260424-095136.4247]  ✅ Passed: Test# 24 [Test mode: '==']
[20260424-095136.4270]  Cmd 1 ..........: 'convert-base-v1b'  --ibase 10  '3091514475919160067958222179215327131544293508773931879349'  2
[20260424-095136.4296]  Test command ...: 'convert-base-v1b'  --ibase 2  11111100001010011101010110010101011111011101110101111011100101100110101010101111000111001101110100101010001110101110110111010111000001010100110011100000011011110100000000010111000101110110101  10
[20260424-095136.4348]  Expected value .: '3091514475919160067958222179215327131544293508773931879349'
[20260424-095136.4366]  Actual value ...: '3091514475919160067958222179215327131544293508773931879349'
[20260424-095136.4385]  
[20260424-095136.4843]  ✅ Passed: Test# 25 [Test mode: '==']
[20260424-095136.4865]  Cmd 1 ..........: 'convert-base-v1b'  --ibase 16  '50030944AB12927D38D1E918C0B148C4298A06C2'  36
[20260424-095136.4887]  Test command ...: 'convert-base-v1b'  --ibase 36  9CGRXQ3UNBAKQC42KU6MF62HVOXJ9AA  16
[20260424-095136.4906]  Expected value .: '50030944AB12927D38D1E918C0B148C4298A06C2'
[20260424-095136.4919]  Actual value ...: '50030944AB12927D38D1E918C0B148C4298A06C2'
[20260424-095136.4932]  
[20260424-095136.5439]  ✅ Passed: Test# 26 [Test mode: '==']
[20260424-095136.5463]  Cmd 1 ..........: 'convert-base-v1b'  --ibase 2  '10101001'  36
[20260424-095136.5477]  Test command ...: 'convert-base-v1b'  --ibase 36  4P  2
[20260424-095136.5490]  Expected value .: '10101001'
[20260424-095136.5496]  Actual value ...: '10101001'
[20260424-095136.5502]  
[20260424-095136.6030]  ✅ Passed: Test# 27 [Test mode: '==']
[20260424-095136.6051]  Cmd 1 ..........: 'convert-base-v1b'  --ibase 2  '10010001011101101010001001001111011011100010110101010000100010'  16
[20260424-095136.6076]  Test command ...: 'convert-base-v1b'  --ibase 16  245DA893DB8B5422  2
[20260424-095136.6091]  Expected value .: '10010001011101101010001001001111011011100010110101010000100010'
[20260424-095136.6110]  Actual value ...: '10010001011101101010001001001111011011100010110101010000100010'
[20260424-095136.6128]  
[20260424-095136.6621]  ✅ Passed: Test# 28 [Test mode: '==']
[20260424-095136.6642]  Cmd 1 ..........: 'convert-base-v1b'  --ibase 2  '111101110111110000001111011100100101010010'  36
[20260424-095136.6663]  Test command ...: 'convert-base-v1b'  --ibase 36  1I9883LUA  2
[20260424-095136.6677]  Expected value .: '111101110111110000001111011100100101010010'
[20260424-095136.6690]  Actual value ...: '111101110111110000001111011100100101010010'
[20260424-095136.6703]  
[20260424-095136.7207]  ✅ Passed: Test# 29 [Test mode: '==']
[20260424-095136.7230]  Cmd 1 ..........: 'convert-base-v1b'  --ibase 8  '3125354230700001360720603'  16
[20260424-095136.7247]  Test command ...: 'convert-base-v1b'  --ibase 16  32ABB131C000BC3A183  8
[20260424-095136.7263]  Expected value .: '3125354230700001360720603'
[20260424-095136.7272]  Actual value ...: '3125354230700001360720603'
[20260424-095136.7283]  
[20260424-095136.7814]  ✅ Passed: Test# 30 [Test mode: '==']
[20260424-095136.7834]  Cmd 1 ..........: 'convert-base-v1b'  --ibase 36  'SBD2LKK8KL9Y2DYMB9PFBZ6'  2
[20260424-095136.7853]  Test command ...: 'convert-base-v1b'  --ibase 2  10111100111100111100001000111110001100010101111010111011110110110011101100011111111100100011010011000001001011101100010  36
[20260424-095136.7891]  Expected value .: 'SBD2LKK8KL9Y2DYMB9PFBZ6'
[20260424-095136.7902]  Actual value ...: 'SBD2LKK8KL9Y2DYMB9PFBZ6'
[20260424-095136.7912]  
[20260424-095136.8404]  ✅ Passed: Test# 31 [Test mode: '==']
[20260424-095136.8423]  Cmd 1 ..........: 'convert-base-v1b'  --ibase 8  '61370240763047122'  8
[20260424-095136.8439]  Test command ...: 'convert-base-v1b'  --ibase 8  61370240763047122  8
[20260424-095136.8458]  Expected value .: '61370240763047122'
[20260424-095136.8467]  Actual value ...: '61370240763047122'
[20260424-095136.8477]  
[20260424-095136.8988]  ✅ Passed: Test# 32 [Test mode: '==']
[20260424-095136.9011]  Cmd 1 ..........: 'convert-base-v1b'  --ibase 36  'BYWEAVBIRN2RQX1NY5LUX0A5PT8OFP464MVYE1'  8
[20260424-095136.9031]  Test command ...: 'convert-base-v1b'  --ibase 8  72331377662713265434525350500414014470101615403666224540547302731  36
[20260424-095136.9059]  Expected value .: 'BYWEAVBIRN2RQX1NY5LUX0A5PT8OFP464MVYE1'
[20260424-095136.9073]  Actual value ...: 'BYWEAVBIRN2RQX1NY5LUX0A5PT8OFP464MVYE1'
[20260424-095136.9087]  
[20260424-095136.9539]  ✅ Passed: Test# 33 [Test mode: '==']
[20260424-095136.9558]  Cmd 1 ..........: 'convert-base-v1b'  --ibase 16  'A6F752A3F'  10
[20260424-095136.9575]  Test command ...: 'convert-base-v1b'  --ibase 10  44819622463  16
[20260424-095136.9591]  Expected value .: 'A6F752A3F'
[20260424-095136.9600]  Actual value ...: 'A6F752A3F'
[20260424-095136.9609]  
[20260424-095137.0086]  ✅ Passed: Test# 34 [Test mode: '==']
[20260424-095137.0109]  Cmd 1 ..........: 'convert-base-v1b'  --ibase 10  '80312'  36
[20260424-095137.0123]  Test command ...: 'convert-base-v1b'  --ibase 36  1PYW  10
[20260424-095137.0135]  Expected value .: '80312'
[20260424-095137.0142]  Actual value ...: '80312'
[20260424-095137.0147]  
[20260424-095137.0625]  ✅ Passed: Test# 35 [Test mode: '==']
[20260424-095137.0649]  Cmd 1 ..........: 'convert-base-v1b'  --ibase 10  '43647999507721'  2
[20260424-095137.0665]  Test command ...: 'convert-base-v1b'  --ibase 2  1001111011001010010111100000010111110100001001  10
[20260424-095137.0687]  Expected value .: '43647999507721'
[20260424-095137.0695]  Actual value ...: '43647999507721'
[20260424-095137.0704]  
[20260424-095137.1166]  ✅ Passed: Test# 36 [Test mode: '==']
[20260424-095137.1187]  Cmd 1 ..........: 'convert-base-v1b'  --ibase 10  '83977736710491954231181646061385905060853103621660844763161513'  16
[20260424-095137.1216]  Test command ...: 'convert-base-v1b'  --ibase 16  34426CE0E9377DD382005378513D573E9CB9F0BD8063E73CA3A9  10
[20260424-095137.1241]  Expected value .: '83977736710491954231181646061385905060853103621660844763161513'
[20260424-095137.1262]  Actual value ...: '83977736710491954231181646061385905060853103621660844763161513'
[20260424-095137.1283]  
[20260424-095137.1767]  ✅ Passed: Test# 37 [Test mode: '==']
[20260424-095137.1786]  Cmd 1 ..........: 'convert-base-v1b'  --ibase 36  'PA0CY0TQV9ZOD4JZRQA96XVHNUNBMD7CB1CK4FMIXF0TEE7'  36
[20260424-095137.1810]  Test command ...: 'convert-base-v1b'  --ibase 36  PA0CY0TQV9ZOD4JZRQA96XVHNUNBMD7CB1CK4FMIXF0TEE7  36
[20260424-095137.1833]  Expected value .: 'PA0CY0TQV9ZOD4JZRQA96XVHNUNBMD7CB1CK4FMIXF0TEE7'
[20260424-095137.1849]  Actual value ...: 'PA0CY0TQV9ZOD4JZRQA96XVHNUNBMD7CB1CK4FMIXF0TEE7'
[20260424-095137.1864]  
[20260424-095137.2345]  ✅ Passed: Test# 38 [Test mode: '==']
[20260424-095137.2368]  Cmd 1 ..........: 'convert-base-v1b'  --ibase 16  '41FB48A7171BAD9477A008D910EAD679F621348AE79156058B4AEFE03BFDF8'  2
[20260424-095137.2393]  Test command ...: 'convert-base-v1b'  --ibase 2  1000001111110110100100010100111000101110001101110101101100101000111011110100000000010001101100100010000111010101101011001111001111101100010000100110100100010101110011110010001010101100000010110001011010010101110111111100000001110111111110111111000  16
[20260424-095137.2445]  Expected value .: '41FB48A7171BAD9477A008D910EAD679F621348AE79156058B4AEFE03BFDF8'
[20260424-095137.2462]  Actual value ...: '41FB48A7171BAD9477A008D910EAD679F621348AE79156058B4AEFE03BFDF8'
[20260424-095137.2479]  
[20260424-095137.2928]  ✅ Passed: Test# 39 [Test mode: '==']
[20260424-095137.2952]  Cmd 1 ..........: 'convert-base-v1b'  --ibase 2  '1011010110011110101001010011110010111111001010010100010'  2
[20260424-095137.2980]  Test command ...: 'convert-base-v1b'  --ibase 2  1011010110011110101001010011110010111111001010010100010  2
[20260424-095137.3003]  Expected value .: '1011010110011110101001010011110010111111001010010100010'
[20260424-095137.3020]  Actual value ...: '1011010110011110101001010011110010111111001010010100010'
[20260424-095137.3036]  
[20260424-095137.3484]  ✅ Passed: Test# 40 [Test mode: '==']
[20260424-095137.3504]  Cmd 1 ..........: 'convert-base-v1b'  --ibase 8  '42676110131644412'  10
[20260424-095137.3521]  Test command ...: 'convert-base-v1b'  --ibase 10  1226927224867082  8
[20260424-095137.3538]  Expected value .: '42676110131644412'
[20260424-095137.3546]  Actual value ...: '42676110131644412'
[20260424-095137.3554]  
[20260424-095137.4033]  ✅ Passed: Test# 41 [Test mode: '==']
[20260424-095137.4058]  Cmd 1 ..........: 'convert-base-v1b'  --ibase 36  '1X7J5V1ZMVMRXNGKL6L6EEBZ7THFA3'  10
[20260424-095137.4078]  Test command ...: 'convert-base-v1b'  --ibase 10  2609961149226681981556713901079362185770045595  36
[20260424-095137.4100]  Expected value .: '1X7J5V1ZMVMRXNGKL6L6EEBZ7THFA3'
[20260424-095137.4113]  Actual value ...: '1X7J5V1ZMVMRXNGKL6L6EEBZ7THFA3'
[20260424-095137.4124]  
[20260424-095137.4578]  ✅ Passed: Test# 42 [Test mode: '==']
[20260424-095137.4597]  Cmd 1 ..........: 'convert-base-v1b'  --ibase 16  'F'  10
[20260424-095137.4611]  Test command ...: 'convert-base-v1b'  --ibase 10  15  16
[20260424-095137.4624]  Expected value .: 'F'
[20260424-095137.4629]  Actual value ...: 'F'
[20260424-095137.4635]  
[20260424-095137.5122]  ✅ Passed: Test# 43 [Test mode: '==']
[20260424-095137.5142]  Cmd 1 ..........: 'convert-base-v1b'  --ibase 10  '10451373374985021'  8
[20260424-095137.5159]  Test command ...: 'convert-base-v1b'  --ibase 8  451027377533451475  10
[20260424-095137.5174]  Expected value .: '10451373374985021'
[20260424-095137.5182]  Actual value ...: '10451373374985021'
[20260424-095137.5190]  
[20260424-095137.5669]  ✅ Passed: Test# 44 [Test mode: '==']
[20260424-095137.5690]  Cmd 1 ..........: 'convert-base-v1b'  --ibase 16  'CAB699887DD8A79942350168D32AAC11198C8C2E2722D'  10
[20260424-095137.5726]  Test command ...: 'convert-base-v1b'  --ibase 10  1213504679793630697511015730675680407299005682293043757  16
[20260424-095137.5765]  Expected value .: 'CAB699887DD8A79942350168D32AAC11198C8C2E2722D'
[20260424-095137.5780]  Actual value ...: 'CAB699887DD8A79942350168D32AAC11198C8C2E2722D'
[20260424-095137.5795]  
[20260424-095137.6242]  ✅ Passed: Test# 45 [Test mode: '==']
[20260424-095137.6263]  Cmd 1 ..........: 'convert-base-v1b'  --ibase 2  '1'  2
[20260424-095137.6276]  Test command ...: 'convert-base-v1b'  --ibase 2  1  2
[20260424-095137.6287]  Expected value .: '1'
[20260424-095137.6292]  Actual value ...: '1'
[20260424-095137.6297]  
[20260424-095137.6827]  ✅ Passed: Test# 46 [Test mode: '==']
[20260424-095137.6850]  Cmd 1 ..........: 'convert-base-v1b'  --ibase 2  '111110101110011111000101101110111'  36
[20260424-095137.6870]  Test command ...: 'convert-base-v1b'  --ibase 36  3V8G3UF  2
[20260424-095137.6883]  Expected value .: '111110101110011111000101101110111'
[20260424-095137.6895]  Actual value ...: '111110101110011111000101101110111'
[20260424-095137.6907]  
[20260424-095137.7415]  ✅ Passed: Test# 47 [Test mode: '==']
[20260424-095137.7437]  Cmd 1 ..........: 'convert-base-v1b'  --ibase 16  '55BE2C5779EA37E95DA0D13D913F83BB7FA76645D23A143E2B973'  2
[20260424-095137.7462]  Test command ...: 'convert-base-v1b'  --ibase 2  1010101101111100010110001010111011110011110101000110111111010010101110110100000110100010011110110010001001111111000001110111011011111111010011101100110010001011101001000111010000101000011111000101011100101110011  16
[20260424-095137.7512]  Expected value .: '55BE2C5779EA37E95DA0D13D913F83BB7FA76645D23A143E2B973'
[20260424-095137.7529]  Actual value ...: '55BE2C5779EA37E95DA0D13D913F83BB7FA76645D23A143E2B973'
[20260424-095137.7545]  
[20260424-095137.7993]  ✅ Passed: Test# 48 [Test mode: '==']
[20260424-095137.8015]  Cmd 1 ..........: 'convert-base-v1b'  --ibase 16  'B6B5BE284612B1EC3'  2
[20260424-095137.8032]  Test command ...: 'convert-base-v1b'  --ibase 2  10110110101101011011111000101000010001100001001010110001111011000011  16
[20260424-095137.8058]  Expected value .: 'B6B5BE284612B1EC3'
[20260424-095137.8067]  Actual value ...: 'B6B5BE284612B1EC3'
[20260424-095137.8075]  
[20260424-095137.8518]  ✅ Passed: Test# 49 [Test mode: '==']
[20260424-095137.8541]  Cmd 1 ..........: 'convert-base-v1b'  --ibase 10  '8270764644269777951454901187701547744532156'  10
[20260424-095137.8562]  Test command ...: 'convert-base-v1b'  --ibase 10  8270764644269777951454901187701547744532156  10
[20260424-095137.8582]  Expected value .: '8270764644269777951454901187701547744532156'
[20260424-095137.8596]  Actual value ...: '8270764644269777951454901187701547744532156'
[20260424-095137.8610]  
[20260424-095137.9089]  ✅ Passed: Test# 50 [Test mode: '==']
[20260424-095137.9112]  Cmd 1 ..........: 'convert-base-v1b'  --ibase 2  '1101101001111011110'  8
[20260424-095137.9129]  Test command ...: 'convert-base-v1b'  --ibase 8  1551736  2
[20260424-095137.9142]  Expected value .: '1101101001111011110'
[20260424-095137.9151]  Actual value ...: '1101101001111011110'
[20260424-095137.9160]  
[20260424-095137.9648]  ✅ Passed: Test# 51 [Test mode: '==']
[20260424-095137.9671]  Cmd 1 ..........: 'convert-base-v1b'  --ibase 10  '5858896769612152601196046203116'  36
[20260424-095137.9690]  Test command ...: 'convert-base-v1b'  --ibase 36  FS124RSEREAKSNBKWJ58  10
[20260424-095137.9707]  Expected value .: '5858896769612152601196046203116'
[20260424-095137.9718]  Actual value ...: '5858896769612152601196046203116'
[20260424-095137.9730]  
[20260424-095138.0210]  ✅ Passed: Test# 52 [Test mode: '==']
[20260424-095138.0233]  Cmd 1 ..........: 'convert-base-v1b'  --ibase 2  '11001011111111000001110111101'  10
[20260424-095138.0251]  Test command ...: 'convert-base-v1b'  --ibase 10  427787197  2
[20260424-095138.0264]  Expected value .: '11001011111111000001110111101'
[20260424-095138.0275]  Actual value ...: '11001011111111000001110111101'
[20260424-095138.0286]  
[20260424-095138.0813]  ✅ Passed: Test# 53 [Test mode: '==']
[20260424-095138.0836]  Cmd 1 ..........: 'convert-base-v1b'  --ibase 36  '9XVT2TCEGIJNMNUHF79ABULBSUBTTL6E5QQIHC3QQHWLGESKJGR8BY'  8
[20260424-095138.0859]  Test command ...: 'convert-base-v1b'  --ibase 8  237563153017477743321122364445010045743213256702053711725007315415204245204063130312040357356  36
[20260424-095138.0891]  Expected value .: '9XVT2TCEGIJNMNUHF79ABULBSUBTTL6E5QQIHC3QQHWLGESKJGR8BY'
[20260424-095138.0907]  Actual value ...: '9XVT2TCEGIJNMNUHF79ABULBSUBTTL6E5QQIHC3QQHWLGESKJGR8BY'
[20260424-095138.0924]  
[20260424-095138.1385]  ✅ Passed: Test# 54 [Test mode: '==']
[20260424-095138.1406]  Cmd 1 ..........: 'convert-base-v1b'  --ibase 36  'QR6IBARC'  10
[20260424-095138.1421]  Test command ...: 'convert-base-v1b'  --ibase 10  2096634946872  36
[20260424-095138.1437]  Expected value .: 'QR6IBARC'
[20260424-095138.1443]  Actual value ...: 'QR6IBARC'
[20260424-095138.1450]  
[20260424-095138.1967]  ✅ Passed: Test# 55 [Test mode: '==']
[20260424-095138.1990]  Cmd 1 ..........: 'convert-base-v1b'  --ibase 2  '111010111011111'  16
[20260424-095138.2004]  Test command ...: 'convert-base-v1b'  --ibase 16  75DF  2
[20260424-095138.2017]  Expected value .: '111010111011111'
[20260424-095138.2025]  Actual value ...: '111010111011111'
[20260424-095138.2034]  
[20260424-095138.2528]  ✅ Passed: Test# 56 [Test mode: '==']
[20260424-095138.2549]  Cmd 1 ..........: 'convert-base-v1b'  --ibase 10  '6863641988639520661860195280650749921076601186340180483475'  2
[20260424-095138.2574]  Test command ...: 'convert-base-v1b'  --ibase 2  1000101111110101111000100000101110000011001111100100110100101010111100001110110100011111110001111101100001010111011101101000100100001001101111011001100101111011101000110100101100101110110010011  10
[20260424-095138.2626]  Expected value .: '6863641988639520661860195280650749921076601186340180483475'
[20260424-095138.2645]  Actual value ...: '6863641988639520661860195280650749921076601186340180483475'
[20260424-095138.2665]  
[20260424-095138.3067]  ✅ Passed: Test# 57 [Test mode: '==']
[20260424-095138.3089]  Cmd 1 ..........: 'convert-base-v1b'  --ibase 2  '11010010101001111110111010011010010000000001011010010110'  10
[20260424-095138.3112]  Test command ...: 'convert-base-v1b'  --ibase 10  59294388341184150  2
[20260424-095138.3128]  Expected value .: '11010010101001111110111010011010010000000001011010010110'
[20260424-095138.3149]  Actual value ...: '11010010101001111110111010011010010000000001011010010110'
[20260424-095138.3167]  
[20260424-095138.3672]  ✅ Passed: Test# 58 [Test mode: '==']
[20260424-095138.3695]  Cmd 1 ..........: 'convert-base-v1b'  --ibase 2  '1000011011110110'  36
[20260424-095138.3711]  Test command ...: 'convert-base-v1b'  --ibase 36  QNQ  2
[20260424-095138.3724]  Expected value .: '1000011011110110'
[20260424-095138.3732]  Actual value ...: '1000011011110110'
[20260424-095138.3741]  
[20260424-095138.4248]  ✅ Passed: Test# 59 [Test mode: '==']
[20260424-095138.4270]  Cmd 1 ..........: 'convert-base-v1b'  --ibase 16  'FAA7B914547E'  16
[20260424-095138.4285]  Test command ...: 'convert-base-v1b'  --ibase 16  FAA7B914547E  16
[20260424-095138.4299]  Expected value .: 'FAA7B914547E'
[20260424-095138.4306]  Actual value ...: 'FAA7B914547E'
[20260424-095138.4313]  
[20260424-095138.4790]  ✅ Passed: Test# 60 [Test mode: '==']
[20260424-095138.4814]  Cmd 1 ..........: 'convert-base-v1b'  --ibase 10  '16851921314013828404178'  8
[20260424-095138.4831]  Test command ...: 'convert-base-v1b'  --ibase 8  3443055432734506420151722  10
[20260424-095138.4849]  Expected value .: '16851921314013828404178'
[20260424-095138.4858]  Actual value ...: '16851921314013828404178'
[20260424-095138.4868]  
[20260424-095138.5404]  ✅ Passed: Test# 61 [Test mode: '==']
[20260424-095138.5427]  Cmd 1 ..........: 'convert-base-v1b'  --ibase 36  'BWZVXU2'  16
[20260424-095138.5441]  Test command ...: 'convert-base-v1b'  --ibase 16  60A21F00A  36
[20260424-095138.5455]  Expected value .: 'BWZVXU2'
[20260424-095138.5461]  Actual value ...: 'BWZVXU2'
[20260424-095138.5467]  
[20260424-095138.6018]  ✅ Passed: Test# 62 [Test mode: '==']
[20260424-095138.6041]  Cmd 1 ..........: 'convert-base-v1b'  --ibase 36  'NEFFTZU'  36
[20260424-095138.6054]  Test command ...: 'convert-base-v1b'  --ibase 36  NEFFTZU  36
[20260424-095138.6067]  Expected value .: 'NEFFTZU'
[20260424-095138.6074]  Actual value ...: 'NEFFTZU'
[20260424-095138.6080]  
[20260424-095138.6626]  ✅ Passed: Test# 63 [Test mode: '==']
[20260424-095138.6647]  Cmd 1 ..........: 'convert-base-v1b'  --ibase 2  '101111110011000111110'  36
[20260424-095138.6664]  Test command ...: 'convert-base-v1b'  --ibase 36  XKJI  2
[20260424-095138.6677]  Expected value .: '101111110011000111110'
[20260424-095138.6687]  Actual value ...: '101111110011000111110'
[20260424-095138.6696]  
[20260424-095138.7235]  ✅ Passed: Test# 64 [Test mode: '==']
[20260424-095138.7258]  Cmd 1 ..........: 'convert-base-v1b'  --ibase 16  'B04B1A260B9C68D4E1396856022E9C60FEE0E2BA99B2B38F60F1865E6'  8
[20260424-095138.7285]  Test command ...: 'convert-base-v1b'  --ibase 8  5404543211405634321523411626412600427234301773407053523154531617301706062746  16
[20260424-095138.7312]  Expected value .: 'B04B1A260B9C68D4E1396856022E9C60FEE0E2BA99B2B38F60F1865E6'
[20260424-095138.7330]  Actual value ...: 'B04B1A260B9C68D4E1396856022E9C60FEE0E2BA99B2B38F60F1865E6'
[20260424-095138.7349]  
[20260424-095138.7844]  ✅ Passed: Test# 65 [Test mode: '==']
[20260424-095138.7864]  Cmd 1 ..........: 'convert-base-v1b'  --ibase 36  '4MIGF1ZCE5DBZJA'  2
[20260424-095138.7880]  Test command ...: 'convert-base-v1b'  --ibase 2  110000000111100100011110001111000101000110000110111001011111100100110100110  36
[20260424-095138.7908]  Expected value .: '4MIGF1ZCE5DBZJA'
[20260424-095138.7915]  Actual value ...: '4MIGF1ZCE5DBZJA'
[20260424-095138.7924]  
[20260424-095138.8395]  ✅ Passed: Test# 66 [Test mode: '==']
[20260424-095138.8418]  Cmd 1 ..........: 'convert-base-v1b'  --ibase 10  '42615397751664148506878573928263793502551374798071521'  16
[20260424-095138.8442]  Test command ...: 'convert-base-v1b'  --ibase 16  71E6A36DA1C70C163C0D7A3E6FDFF17A02BFB35D26E1  10
[20260424-095138.8463]  Expected value .: '42615397751664148506878573928263793502551374798071521'
[20260424-095138.8478]  Actual value ...: '42615397751664148506878573928263793502551374798071521'
[20260424-095138.8494]  
[20260424-095138.8994]  ✅ Passed: Test# 67 [Test mode: '==']
[20260424-095138.9015]  Cmd 1 ..........: 'convert-base-v1b'  --ibase 16  '7A242097742C9FC75F8974BA8D2AEB24DF1639F82656A7F471'  8
[20260424-095138.9037]  Test command ...: 'convert-base-v1b'  --ibase 8  1721102022735026237616576113513521512565444676130717602312651772161  16
[20260424-095138.9063]  Expected value .: '7A242097742C9FC75F8974BA8D2AEB24DF1639F82656A7F471'
[20260424-095138.9078]  Actual value ...: '7A242097742C9FC75F8974BA8D2AEB24DF1639F82656A7F471'
[20260424-095138.9093]  
[20260424-095138.9567]  ✅ Passed: Test# 68 [Test mode: '==']
[20260424-095138.9591]  Cmd 1 ..........: 'convert-base-v1b'  --ibase 8  '63662567733420436656653000132343061363'  2
[20260424-095138.9611]  Test command ...: 'convert-base-v1b'  --ibase 2  110011110110010101110111111011011100010000100011110110101110110101011000000000001011010011100011000110001011110011  8
[20260424-095138.9648]  Expected value .: '63662567733420436656653000132343061363'
[20260424-095138.9663]  Actual value ...: '63662567733420436656653000132343061363'
[20260424-095138.9684]  
[20260424-095139.0107]  ✅ Passed: Test# 69 [Test mode: '==']
[20260424-095139.0126]  Cmd 1 ..........: 'convert-base-v1b'  --ibase 10  '4795485177751035185586114565842856'  2
[20260424-095139.0146]  Test command ...: 'convert-base-v1b'  --ibase 2  1110110001101111100010000100111011010010001100010110001100010011111111011110101100010100111111010010011110101000  10
[20260424-095139.0182]  Expected value .: '4795485177751035185586114565842856'
[20260424-095139.0194]  Actual value ...: '4795485177751035185586114565842856'
[20260424-095139.0207]  
[20260424-095139.0674]  ✅ Passed: Test# 70 [Test mode: '==']
[20260424-095139.0697]  Cmd 1 ..........: 'convert-base-v1b'  --ibase 10  '673592174767698410383935071681090'  36
[20260424-095139.0716]  Test command ...: 'convert-base-v1b'  --ibase 36  1EE1U8JCSO4D0B5PBCJRK2  10
[20260424-095139.0732]  Expected value .: '673592174767698410383935071681090'
[20260424-095139.0744]  Actual value ...: '673592174767698410383935071681090'
[20260424-095139.0755]  
[20260424-095139.1218]  ✅ Passed: Test# 71 [Test mode: '==']
[20260424-095139.1240]  Cmd 1 ..........: 'convert-base-v1b'  --ibase 16  'C50097673E429024E6CFFDC6778591B5CB1D52894EBC'  10
[20260424-095139.1262]  Test command ...: 'convert-base-v1b'  --ibase 10  73707314933878857783692006410390431621027089867165372  16
[20260424-095139.1285]  Expected value .: 'C50097673E429024E6CFFDC6778591B5CB1D52894EBC'
[20260424-095139.1300]  Actual value ...: 'C50097673E429024E6CFFDC6778591B5CB1D52894EBC'
[20260424-095139.1315]  
[20260424-095139.1826]  ✅ Passed: Test# 72 [Test mode: '==']
[20260424-095139.1849]  Cmd 1 ..........: 'convert-base-v1b'  --ibase 16  'D1235A8B7DE3D4CEE1FC792BEFC2585457DA4C31600551A7012277BE9E2AD'  36
[20260424-095139.1874]  Test command ...: 'convert-base-v1b'  --ibase 36  1NDGUEAFLJ5972SABOQATIH1YW0H7O8NYJBCHWMWPH3MDSBX  16
[20260424-095139.1896]  Expected value .: 'D1235A8B7DE3D4CEE1FC792BEFC2585457DA4C31600551A7012277BE9E2AD'
[20260424-095139.1915]  Actual value ...: 'D1235A8B7DE3D4CEE1FC792BEFC2585457DA4C31600551A7012277BE9E2AD'
[20260424-095139.1934]  
[20260424-095139.4011]  ✅ Passed: Test# 73 [Test mode: '==']
[20260424-095139.4032]  Cmd 1 ..........: 'convert-base-v1b'  --ibase 2  '110010110'  36
[20260424-095139.4047]  Test command ...: 'convert-base-v1b'  --ibase 36  BA  2
[20260424-095139.4059]  Expected value .: '110010110'
[20260424-095139.4066]  Actual value ...: '110010110'
[20260424-095139.4073]  
[20260424-095139.4608]  ✅ Passed: Test# 74 [Test mode: '==']
[20260424-095139.4630]  Cmd 1 ..........: 'convert-base-v1b'  --ibase 8  '4426630005142205014075671615271516400756275400463162133'  16
[20260424-095139.4654]  Test command ...: 'convert-base-v1b'  --ibase 16  122D98029890A0C1EEE71AB9A7403DCBD804CCE45B  8
[20260424-095139.4674]  Expected value .: '4426630005142205014075671615271516400756275400463162133'
[20260424-095139.4693]  Actual value ...: '4426630005142205014075671615271516400756275400463162133'
[20260424-095139.4715]  
[20260424-095139.5223]  ✅ Passed: Test# 75 [Test mode: '==']
[20260424-095139.5246]  Cmd 1 ..........: 'convert-base-v1b'  --ibase 36  '5HQ6N'  8
[20260424-095139.5259]  Test command ...: 'convert-base-v1b'  --ibase 8  43141717  36
[20260424-095139.5272]  Expected value .: '5HQ6N'
[20260424-095139.5278]  Actual value ...: '5HQ6N'
[20260424-095139.5284]  
[20260424-095139.5786]  ✅ Passed: Test# 76 [Test mode: '==']
[20260424-095139.5806]  Cmd 1 ..........: 'convert-base-v1b'  --ibase 36  'DMY97HAUD27W486JXJKPWLJIKY'  10
[20260424-095139.5824]  Test command ...: 'convert-base-v1b'  --ibase 10  11022970704999379027529783151127433914834  36
[20260424-095139.5845]  Expected value .: 'DMY97HAUD27W486JXJKPWLJIKY'
[20260424-095139.5855]  Actual value ...: 'DMY97HAUD27W486JXJKPWLJIKY'
[20260424-095139.5866]  
[20260424-095139.6333]  ✅ Passed: Test# 77 [Test mode: '==']
[20260424-095139.6356]  Cmd 1 ..........: 'convert-base-v1b'  --ibase 16  '8882B634'  10
[20260424-095139.6370]  Test command ...: 'convert-base-v1b'  --ibase 10  2290267700  16
[20260424-095139.6384]  Expected value .: '8882B634'
[20260424-095139.6390]  Actual value ...: '8882B634'
[20260424-095139.6397]  
[20260424-095139.6923]  ✅ Passed: Test# 78 [Test mode: '==']
[20260424-095139.6946]  Cmd 1 ..........: 'convert-base-v1b'  --ibase 8  '27033044716'  2
[20260424-095139.6960]  Test command ...: 'convert-base-v1b'  --ibase 2  10111000011011000100100111001110  8
[20260424-095139.6979]  Expected value .: '27033044716'
[20260424-095139.6987]  Actual value ...: '27033044716'
[20260424-095139.6993]  
[20260424-095139.7506]  ✅ Passed: Test# 79 [Test mode: '==']
[20260424-095139.7529]  Cmd 1 ..........: 'convert-base-v1b'  --ibase 8  '36412623340777070052406'  8
[20260424-095139.7546]  Test command ...: 'convert-base-v1b'  --ibase 8  36412623340777070052406  8
[20260424-095139.7563]  Expected value .: '36412623340777070052406'
[20260424-095139.7573]  Actual value ...: '36412623340777070052406'
[20260424-095139.7583]  
[20260424-095139.8091]  ✅ Passed: Test# 80 [Test mode: '==']
[20260424-095139.8115]  Cmd 1 ..........: 'convert-base-v1b'  --ibase 2  '1110101011000100101010'  8
[20260424-095139.8132]  Test command ...: 'convert-base-v1b'  --ibase 8  16530452  2
[20260424-095139.8144]  Expected value .: '1110101011000100101010'
[20260424-095139.8154]  Actual value ...: '1110101011000100101010'
[20260424-095139.8163]  
[20260424-095139.8656]  ✅ Passed: Test# 81 [Test mode: '==']
[20260424-095139.8674]  Cmd 1 ..........: 'convert-base-v1b'  --ibase 8  '636053476376353507646'  16
[20260424-095139.8691]  Test command ...: 'convert-base-v1b'  --ibase 16  678573E7F3AE8FA6  8
[20260424-095139.8707]  Expected value .: '636053476376353507646'
[20260424-095139.8716]  Actual value ...: '636053476376353507646'
[20260424-095139.8725]  
[20260424-095139.9237]  ✅ Passed: Test# 82 [Test mode: '==']
[20260424-095139.9258]  Cmd 1 ..........: 'convert-base-v1b'  --ibase 16  '91ECDE29D7CD39B4C5523B4414ADA85106'  16
[20260424-095139.9278]  Test command ...: 'convert-base-v1b'  --ibase 16  91ECDE29D7CD39B4C5523B4414ADA85106  16
[20260424-095139.9296]  Expected value .: '91ECDE29D7CD39B4C5523B4414ADA85106'
[20260424-095139.9308]  Actual value ...: '91ECDE29D7CD39B4C5523B4414ADA85106'
[20260424-095139.9319]  
[20260424-095139.9826]  ✅ Passed: Test# 83 [Test mode: '==']
[20260424-095139.9847]  Cmd 1 ..........: 'convert-base-v1b'  --ibase 36  '60GBK0KS4SPA08TSQBMSZ9Q7'  2
[20260424-095139.9865]  Test command ...: 'convert-base-v1b'  --ibase 2  10110100100011010000110011100100011001101010011010100111000100001000110001001000111101110111111110101010001111111111111111  36
[20260424-095139.9904]  Expected value .: '60GBK0KS4SPA08TSQBMSZ9Q7'
[20260424-095139.9914]  Actual value ...: '60GBK0KS4SPA08TSQBMSZ9Q7'
[20260424-095139.9924]  
[20260424-095140.0367]  ✅ Passed: Test# 84 [Test mode: '==']
[20260424-095140.0391]  Cmd 1 ..........: 'convert-base-v1b'  --ibase 16  'DBCE26C44'  10
[20260424-095140.0407]  Test command ...: 'convert-base-v1b'  --ibase 10  59003530308  16
[20260424-095140.0421]  Expected value .: 'DBCE26C44'
[20260424-095140.0429]  Actual value ...: 'DBCE26C44'
[20260424-095140.0435]  
[20260424-095140.0968]  ✅ Passed: Test# 85 [Test mode: '==']
[20260424-095140.0989]  Cmd 1 ..........: 'convert-base-v1b'  --ibase 36  '3P5CICG09SG7Q7EQGES1TA1NIRE9LKM99POZVGURR'  2
[20260424-095140.1010]  Test command ...: 'convert-base-v1b'  --ibase 2  11001101101000111000000011000000110111110010000000100000000111110011101001001101001011001011110100000010101101110010110001000011111110010110010000010001000001010011100101110110000001011110101011010101011000111  36
[20260424-095140.1059]  Expected value .: '3P5CICG09SG7Q7EQGES1TA1NIRE9LKM99POZVGURR'
[20260424-095140.1072]  Actual value ...: '3P5CICG09SG7Q7EQGES1TA1NIRE9LKM99POZVGURR'
[20260424-095140.1085]  
[20260424-095140.1557]  ✅ Passed: Test# 86 [Test mode: '==']
[20260424-095140.1580]  Cmd 1 ..........: 'convert-base-v1b'  --ibase 16  '100724B2706351888'  36
[20260424-095140.1596]  Test command ...: 'convert-base-v1b'  --ibase 36  3WE6SM9PELDAG  16
[20260424-095140.1610]  Expected value .: '100724B2706351888'
[20260424-095140.1619]  Actual value ...: '100724B2706351888'
[20260424-095140.1627]  
[20260424-095140.2110]  ✅ Passed: Test# 87 [Test mode: '==']
[20260424-095140.2134]  Cmd 1 ..........: 'convert-base-v1b'  --ibase 10  '700559728485855647361789374072240399963766452383'  2
[20260424-095140.2156]  Test command ...: 'convert-base-v1b'  --ibase 2  111101010110110001011110100100000011111001011100001101000000001000110001111001100111111010001000110000111000100110011010001101010111011001100001111000010011111  10
[20260424-095140.2203]  Expected value .: '700559728485855647361789374072240399963766452383'
[20260424-095140.2219]  Actual value ...: '700559728485855647361789374072240399963766452383'
[20260424-095140.2234]  
[20260424-095140.2693]  ✅ Passed: Test# 88 [Test mode: '==']
[20260424-095140.2715]  Cmd 1 ..........: 'convert-base-v1b'  --ibase 8  '415267136022332274310207104'  2
[20260424-095140.2737]  Test command ...: 'convert-base-v1b'  --ibase 2  100001101010110111001011110000010010011011010010111100011001000010000111001000100  8
[20260424-095140.2770]  Expected value .: '415267136022332274310207104'
[20260424-095140.2780]  Actual value ...: '415267136022332274310207104'
[20260424-095140.2790]  
[20260424-095140.3262]  ✅ Passed: Test# 89 [Test mode: '==']
[20260424-095140.3287]  Cmd 1 ..........: 'convert-base-v1b'  --ibase 16  '8D2F1B735A83E952121211728ED517AAD0527B3FA2DF428EB512'  2
[20260424-095140.3317]  Test command ...: 'convert-base-v1b'  --ibase 2  1000110100101111000110110111001101011010100000111110100101010010000100100001001000010001011100101000111011010101000101111010101011010000010100100111101100111111101000101101111101000010100011101011010100010010  16
[20260424-095140.3371]  Expected value .: '8D2F1B735A83E952121211728ED517AAD0527B3FA2DF428EB512'
[20260424-095140.3392]  Actual value ...: '8D2F1B735A83E952121211728ED517AAD0527B3FA2DF428EB512'
[20260424-095140.3412]  
[20260424-095140.3814]  ✅ Passed: Test# 90 [Test mode: '==']
[20260424-095140.3837]  Cmd 1 ..........: 'convert-base-v1b'  --ibase 2  '11110110000111001110101011000010000010'  10
[20260424-095140.3861]  Test command ...: 'convert-base-v1b'  --ibase 10  264261775490  2
[20260424-095140.3881]  Expected value .: '11110110000111001110101011000010000010'
[20260424-095140.3899]  Actual value ...: '11110110000111001110101011000010000010'
[20260424-095140.3915]  
[20260424-095140.4383]  ✅ Passed: Test# 91 [Test mode: '==']
[20260424-095140.4406]  Cmd 1 ..........: 'convert-base-v1b'  --ibase 2  '11'  8
[20260424-095140.4420]  Test command ...: 'convert-base-v1b'  --ibase 8  3  2
[20260424-095140.4432]  Expected value .: '11'
[20260424-095140.4437]  Actual value ...: '11'
[20260424-095140.4444]  
[20260424-095140.4927]  ✅ Passed: Test# 92 [Test mode: '==']
[20260424-095140.4949]  Cmd 1 ..........: 'convert-base-v1b'  --ibase 2  '11100111111101110110101111110011011000001011101010000110'  16
[20260424-095140.4974]  Test command ...: 'convert-base-v1b'  --ibase 16  E7F76BF360BA86  2
[20260424-095140.4990]  Expected value .: '11100111111101110110101111110011011000001011101010000110'
[20260424-095140.5008]  Actual value ...: '11100111111101110110101111110011011000001011101010000110'
[20260424-095140.5026]  
[20260424-095140.5491]  ✅ Passed: Test# 93 [Test mode: '==']
[20260424-095140.5513]  Cmd 1 ..........: 'convert-base-v1b'  --ibase 10  '4505362043609375600966964915854776091999530394'  36
[20260424-095140.5537]  Test command ...: 'convert-base-v1b'  --ibase 36  3BGXEQ4BTMZYP384U6WC4ED249VD7E  10
[20260424-095140.5556]  Expected value .: '4505362043609375600966964915854776091999530394'
[20260424-095140.5572]  Actual value ...: '4505362043609375600966964915854776091999530394'
[20260424-095140.5587]  
[20260424-095140.6024]  ✅ Passed: Test# 94 [Test mode: '==']
[20260424-095140.6046]  Cmd 1 ..........: 'convert-base-v1b'  --ibase 2  '1110110000010000101101010110011011100'  10
[20260424-095140.6069]  Test command ...: 'convert-base-v1b'  --ibase 10  126736575708  2
[20260424-095140.6084]  Expected value .: '1110110000010000101101010110011011100'
[20260424-095140.6097]  Actual value ...: '1110110000010000101101010110011011100'
[20260424-095140.6109]  
[20260424-095140.6572]  ✅ Passed: Test# 95 [Test mode: '==']
[20260424-095140.6595]  Cmd 1 ..........: 'convert-base-v1b'  --ibase 2  '10110001'  10
[20260424-095140.6609]  Test command ...: 'convert-base-v1b'  --ibase 10  177  2
[20260424-095140.6621]  Expected value .: '10110001'
[20260424-095140.6627]  Actual value ...: '10110001'
[20260424-095140.6633]  
[20260424-095140.7124]  ✅ Passed: Test# 96 [Test mode: '==']
[20260424-095140.7149]  Cmd 1 ..........: 'convert-base-v1b'  --ibase 10  '97185897862623823441493883897279121251954848392011357'  8
[20260424-095140.7171]  Test command ...: 'convert-base-v1b'  --ibase 8  40360245055563365233474106661405533571600473442273536757135  10
[20260424-095140.7194]  Expected value .: '97185897862623823441493883897279121251954848392011357'
[20260424-095140.7210]  Actual value ...: '97185897862623823441493883897279121251954848392011357'
[20260424-095140.7225]  
[20260424-095140.7745]  ✅ Passed: Test# 97 [Test mode: '==']
[20260424-095140.7766]  Cmd 1 ..........: 'convert-base-v1b'  --ibase 36  '5XIPK152ZKBQYFYSSH00MU'  36
[20260424-095140.7783]  Test command ...: 'convert-base-v1b'  --ibase 36  5XIPK152ZKBQYFYSSH00MU  36
[20260424-095140.7799]  Expected value .: '5XIPK152ZKBQYFYSSH00MU'
[20260424-095140.7808]  Actual value ...: '5XIPK152ZKBQYFYSSH00MU'
[20260424-095140.7818]  
[20260424-095140.8339]  ✅ Passed: Test# 98 [Test mode: '==']
[20260424-095140.8362]  Cmd 1 ..........: 'convert-base-v1b'  --ibase 2  '1011111010001000110100100001110010001001010101'  36
[20260424-095140.8383]  Test command ...: 'convert-base-v1b'  --ibase 36  IKC5G5S9H  2
[20260424-095140.8396]  Expected value .: '1011111010001000110100100001110010001001010101'
[20260424-095140.8410]  Actual value ...: '1011111010001000110100100001110010001001010101'
[20260424-095140.8425]  
[20260424-095140.8961]  ✅ Passed: Test# 99 [Test mode: '==']
[20260424-095140.8982]  Cmd 1 ..........: 'convert-base-v1b'  --ibase 8  '606372143500221360221663270000242106'  8
[20260424-095140.9001]  Test command ...: 'convert-base-v1b'  --ibase 8  606372143500221360221663270000242106  8
[20260424-095140.9020]  Expected value .: '606372143500221360221663270000242106'
[20260424-095140.9032]  Actual value ...: '606372143500221360221663270000242106'
[20260424-095140.9045]  
[20260424-095140.9572]  ✅ Passed: Test# 100 [Test mode: '==']
[20260424-095140.9593]  Cmd 1 ..........: 'convert-base-v1b'  --ibase 8  '3650673470754610313'  36
[20260424-095140.9610]  Test command ...: 'convert-base-v1b'  --ibase 36  IVBKK6Z1CJV  8
[20260424-095140.9624]  Expected value .: '3650673470754610313'
[20260424-095140.9632]  Actual value ...: '3650673470754610313'
[20260424-095140.9641]  
[20260424-095141.0191]  ✅ Passed: Test# 101 [Test mode: '==']
[20260424-095141.0213]  Cmd 1 ..........: 'convert-base-v1b'  --ibase 36  'WW6JP'  36
[20260424-095141.0227]  Test command ...: 'convert-base-v1b'  --ibase 36  WW6JP  36
[20260424-095141.0240]  Expected value .: 'WW6JP'
[20260424-095141.0246]  Actual value ...: 'WW6JP'
[20260424-095141.0252]  
[20260424-095141.0763]  ✅ Passed: Test# 102 [Test mode: '==']
[20260424-095141.0786]  Cmd 1 ..........: 'convert-base-v1b'  --ibase 2  '110111110101000011111100110000100101011111011100'  8
[20260424-095141.0808]  Test command ...: 'convert-base-v1b'  --ibase 8  6765037460453734  2
[20260424-095141.0822]  Expected value .: '110111110101000011111100110000100101011111011100'
[20260424-095141.0837]  Actual value ...: '110111110101000011111100110000100101011111011100'
[20260424-095141.0852]  
[20260424-095141.1316]  ✅ Passed: Test# 103 [Test mode: '==']
[20260424-095141.1338]  Cmd 1 ..........: 'convert-base-v1b'  --ibase 16  'C850EEC327FC2DC8D7591985177AA470405D5E4FABA9'  10
[20260424-095141.1360]  Test command ...: 'convert-base-v1b'  --ibase 10  74947167054260662598652923718862016183336375285689257  16
[20260424-095141.1382]  Expected value .: 'C850EEC327FC2DC8D7591985177AA470405D5E4FABA9'
[20260424-095141.1397]  Actual value ...: 'C850EEC327FC2DC8D7591985177AA470405D5E4FABA9'
[20260424-095141.1410]  
[20260424-095141.1920]  ✅ Passed: Test# 104 [Test mode: '==']
[20260424-095141.1946]  Cmd 1 ..........: 'convert-base-v1b'  --ibase 16  'DFF84DC6396B061336AF18188444F4F5'  16
[20260424-095141.1965]  Test command ...: 'convert-base-v1b'  --ibase 16  DFF84DC6396B061336AF18188444F4F5  16
[20260424-095141.1983]  Expected value .: 'DFF84DC6396B061336AF18188444F4F5'
[20260424-095141.1994]  Actual value ...: 'DFF84DC6396B061336AF18188444F4F5'
[20260424-095141.2006]  
[20260424-095141.2007]  Results:
[20260424-095141.2009]  Total tests .........: 104
[20260424-095141.2016]  Passed ..............: 104
[20260424-095141.2022]  Failed ..............: 0
[20260424-095141.2028]  Expected errors .....: 1
[20260424-095141.2033]  Unexpected errors ...: 0
[20260424-095141.2039]  
